# kill sweep (futility off), N=824, mu=+0.15, 2000 paths, seed 20261004
{"mu": 0.15, "K": -30, "N": 824, "p_kill": 0.0465, "p_futility": 0.0, "p_pass": 0.7585, "crit": [0.76, 0.768, 0.954, 0.922, 0.945, 0.954]}
{"mu": 0.15, "K": -35, "N": 824, "p_kill": 0.0285, "p_futility": 0.0, "p_pass": 0.768, "crit": [0.77, 0.778, 0.972, 0.938, 0.96, 0.972]}
{"mu": 0.15, "K": -40, "N": 824, "p_kill": 0.0135, "p_futility": 0.0, "p_pass": 0.774, "crit": [0.776, 0.784, 0.987, 0.951, 0.974, 0.987]}
{"mu": 0.15, "K": -45, "N": 824, "p_kill": 0.008, "p_futility": 0.0, "p_pass": 0.776, "crit": [0.778, 0.786, 0.992, 0.954, 0.978, 0.992]}
{"mu": 0.15, "K": -50, "N": 824, "p_kill": 0.004, "p_futility": 0.0, "p_pass": 0.7765, "crit": [0.778, 0.787, 0.996, 0.957, 0.98, 0.996]}
{"mu": 0.15, "K": -55, "N": 824, "p_kill": 0.002, "p_futility": 0.0, "p_pass": 0.777, "crit": [0.779, 0.787, 0.998, 0.958, 0.981, 0.998]}
# power, N=824, K=-40, 3000 paths
{"mu": 0.15, "K": -40.0, "N": 824, "p_kill": 0.0117, "p_futility": 0.0113, "p_pass": 0.773, "crit": [0.774, 0.781, 0.977, 0.945, 0.966, 0.977]}
{"mu": 0.1, "K": -40.0, "N": 824, "p_kill": 0.0477, "p_futility": 0.0217, "p_pass": 0.4683, "crit": [0.472, 0.478, 0.931, 0.823, 0.866, 0.931]}
{"mu": 0.0, "K": -40.0, "N": 824, "p_kill": 0.376, "p_futility": 0.0607, "p_pass": 0.054, "crit": [0.056, 0.055, 0.563, 0.272, 0.327, 0.562]}
{"mu": -0.1, "K": -40.0, "N": 824, "p_kill": 0.8017, "p_futility": 0.1033, "p_pass": 0.0003, "crit": [0.0, 0.0, 0.095, 0.019, 0.024, 0.095]}
# power, N=824, K=-45, 3000 paths
{"mu": 0.15, "K": -45.0, "N": 824, "p_kill": 0.0057, "p_futility": 0.013, "p_pass": 0.774, "crit": [0.775, 0.782, 0.981, 0.947, 0.969, 0.981]}
{"mu": 0.1, "K": -45.0, "N": 824, "p_kill": 0.0277, "p_futility": 0.0287, "p_pass": 0.4693, "crit": [0.473, 0.479, 0.944, 0.828, 0.872, 0.944]}
{"mu": 0.0, "K": -45.0, "N": 824, "p_kill": 0.302, "p_futility": 0.089, "p_pass": 0.054, "crit": [0.056, 0.055, 0.609, 0.281, 0.336, 0.607]}
{"mu": -0.1, "K": -45.0, "N": 824, "p_kill": 0.7053, "p_futility": 0.1763, "p_pass": 0.0003, "crit": [0.0, 0.0, 0.118, 0.02, 0.024, 0.118]}
# power, N=824, K=-50, 3000 paths
{"mu": 0.15, "K": -50.0, "N": 824, "p_kill": 0.0033, "p_futility": 0.0143, "p_pass": 0.774, "crit": [0.775, 0.782, 0.982, 0.948, 0.969, 0.982]}
{"mu": 0.1, "K": -50.0, "N": 824, "p_kill": 0.017, "p_futility": 0.0337, "p_pass": 0.4693, "crit": [0.473, 0.479, 0.949, 0.83, 0.875, 0.949]}
{"mu": 0.0, "K": -50.0, "N": 824, "p_kill": 0.2473, "p_futility": 0.1123, "p_pass": 0.0543, "crit": [0.056, 0.055, 0.64, 0.283, 0.34, 0.638]}
{"mu": -0.1, "K": -50.0, "N": 824, "p_kill": 0.635, "p_futility": 0.2273, "p_pass": 0.0003, "crit": [0.0, 0.0, 0.138, 0.02, 0.024, 0.137]}
# power, N=900, K=-45 (sensitivity)
{"mu": 0.15, "K": -45.0, "N": 900, "p_kill": 0.0093, "p_futility": 0.013, "p_pass": 0.7913, "crit": [0.792, 0.821, 0.978, 0.951, 0.969, 0.978]}
{"mu": 0.1, "K": -45.0, "N": 900, "p_kill": 0.031, "p_futility": 0.0267, "p_pass": 0.488, "crit": [0.488, 0.52, 0.942, 0.838, 0.88, 0.942]}
{"mu": 0.0, "K": -45.0, "N": 900, "p_kill": 0.329, "p_futility": 0.0847, "p_pass": 0.0437, "crit": [0.044, 0.051, 0.586, 0.275, 0.332, 0.586]}
{"mu": -0.1, "K": -45.0, "N": 900, "p_kill": 0.7363, "p_futility": 0.1647, "p_pass": 0.0003, "crit": [0.0, 0.0, 0.099, 0.013, 0.02, 0.099]}
# stats
{"trades": 352, "clusters": 218, "clusters_both": 134, "mean_cluster_size": 1.615, "rho_R": 0.554, "sd_R": 1.45, "cluster_resid_var": 4.841, "deff": 1.425, "N_trades": {"0.1": 1854, "0.15": 824, "0.2": 464}}
