# H016b power sim on FILTER-ELIGIBLE burned fixed-REV trades (254 of 258; ftn/demo-fixes 9bed235, correct-side fills + DATA slippage floors, flat book); run from repo root
# stats
{"trades": 254, "clusters": 174, "clusters_both": 80, "mean_cluster_size": 1.46, "rho_R": 0.597, "mean_R_burned": 0.0828, "sd_R": 1.401, "cluster_resid_var": 3.964, "deff": 1.384, "foil_median_pooled": -0.0701, "N_trades": {"0.1": 1680, "0.15": 747, "0.2": 420}}
# kill sweep (futility off), N=747, mu=+0.15, 2000 paths, seed 20261004
{"mu": 0.15, "K": -30, "N": 747, "p_kill": 0.0345, "p_futility": 0.0, "p_pass": 0.7515, "crit": [0.78, 0.79, 0.959, 0.844, 0.958, 0.957]}
{"mu": 0.15, "K": -35, "N": 747, "p_kill": 0.0185, "p_futility": 0.0, "p_pass": 0.757, "crit": [0.786, 0.797, 0.972, 0.853, 0.971, 0.972]}
{"mu": 0.15, "K": -40, "N": 747, "p_kill": 0.0095, "p_futility": 0.0, "p_pass": 0.759, "crit": [0.788, 0.799, 0.98, 0.856, 0.978, 0.98]}
{"mu": 0.15, "K": -45, "N": 747, "p_kill": 0.006, "p_futility": 0.0, "p_pass": 0.7605, "crit": [0.79, 0.8, 0.983, 0.858, 0.981, 0.983]}
{"mu": 0.15, "K": -50, "N": 747, "p_kill": 0.0035, "p_futility": 0.0, "p_pass": 0.761, "crit": [0.79, 0.801, 0.984, 0.859, 0.982, 0.985]}
{"mu": 0.15, "K": -55, "N": 747, "p_kill": 0.001, "p_futility": 0.0, "p_pass": 0.761, "crit": [0.791, 0.801, 0.986, 0.859, 0.984, 0.987]}
{"mu": 0.15, "K": -60, "N": 747, "p_kill": 0.0005, "p_futility": 0.0, "p_pass": 0.761, "crit": [0.791, 0.801, 0.987, 0.859, 0.985, 0.987]}
# power, N=747, K=-40, 3000 paths, futility on
{"mu": 0.15, "K": -40.0, "N": 747, "p_kill": 0.0087, "p_futility": 0.0093, "p_pass": 0.7577, "crit": [0.79, 0.798, 0.974, 0.848, 0.973, 0.973]}
{"mu": 0.1, "K": -40.0, "N": 747, "p_kill": 0.0283, "p_futility": 0.029, "p_pass": 0.475, "crit": [0.51, 0.513, 0.891, 0.612, 0.88, 0.901]}
{"mu": 0.0, "K": -40.0, "N": 747, "p_kill": 0.3113, "p_futility": 0.0823, "p_pass": 0.0387, "crit": [0.046, 0.045, 0.392, 0.128, 0.375, 0.465]}
{"mu": -0.1, "K": -40.0, "N": 747, "p_kill": 0.731, "p_futility": 0.147, "p_pass": 0.0, "crit": [0.0, 0.0, 0.029, 0.003, 0.026, 0.063]}
# power, N=747, K=-45 (sensitivity)
{"mu": 0.15, "K": -45.0, "N": 747, "p_kill": 0.005, "p_futility": 0.0103, "p_pass": 0.7587, "crit": [0.791, 0.799, 0.976, 0.85, 0.975, 0.975]}
{"mu": 0.1, "K": -45.0, "N": 747, "p_kill": 0.019, "p_futility": 0.0313, "p_pass": 0.475, "crit": [0.51, 0.513, 0.894, 0.613, 0.883, 0.905]}
{"mu": 0.0, "K": -45.0, "N": 747, "p_kill": 0.2433, "p_futility": 0.109, "p_pass": 0.0387, "crit": [0.046, 0.045, 0.398, 0.128, 0.38, 0.482]}
{"mu": -0.1, "K": -45.0, "N": 747, "p_kill": 0.642, "p_futility": 0.215, "p_pass": 0.0, "crit": [0.0, 0.0, 0.03, 0.004, 0.027, 0.069]}
# power, N=738, K=-40 (H016 N, sensitivity)
{"mu": 0.15, "K": -40.0, "N": 738, "p_kill": 0.006, "p_futility": 0.0103, "p_pass": 0.7647, "crit": [0.79, 0.798, 0.975, 0.851, 0.974, 0.973]}
{"mu": 0.1, "K": -40.0, "N": 738, "p_kill": 0.026, "p_futility": 0.0267, "p_pass": 0.4637, "crit": [0.5, 0.502, 0.891, 0.63, 0.88, 0.902]}
{"mu": 0.0, "K": -40.0, "N": 738, "p_kill": 0.2993, "p_futility": 0.073, "p_pass": 0.0387, "crit": [0.048, 0.046, 0.388, 0.126, 0.369, 0.462]}
{"mu": -0.1, "K": -40.0, "N": 738, "p_kill": 0.7347, "p_futility": 0.15, "p_pass": 0.0, "crit": [0.0, 0.0, 0.023, 0.003, 0.021, 0.064]}
