# H016 power sim on burned fixed-REV trades (ftn/demo-fixes 9bed235, correct-side fills + DATA slippage floors, flat book); run from repo root
# stats
{"trades": 258, "clusters": 176, "clusters_both": 82, "mean_cluster_size": 1.466, "rho_R": 0.554, "mean_R_burned": 0.1003, "sd_R": 1.406, "cluster_resid_var": 3.936, "deff": 1.358, "foil_median_pooled": -0.0701, "N_trades": {"0.1": 1661, "0.15": 738, "0.2": 416}}
# kill sweep (futility off), N=738, mu=+0.15, 2000 paths, seed 20261004
{"mu": 0.15, "K": -30, "N": 738, "p_kill": 0.0275, "p_futility": 0.0, "p_pass": 0.767, "crit": [0.791, 0.798, 0.967, 0.868, 0.966, 0.969]}
{"mu": 0.15, "K": -35, "N": 738, "p_kill": 0.0165, "p_futility": 0.0, "p_pass": 0.7695, "crit": [0.794, 0.802, 0.977, 0.873, 0.975, 0.979]}
{"mu": 0.15, "K": -40, "N": 738, "p_kill": 0.009, "p_futility": 0.0, "p_pass": 0.7735, "crit": [0.799, 0.806, 0.984, 0.878, 0.982, 0.987]}
{"mu": 0.15, "K": -45, "N": 738, "p_kill": 0.006, "p_futility": 0.0, "p_pass": 0.7745, "crit": [0.8, 0.807, 0.986, 0.88, 0.984, 0.989]}
{"mu": 0.15, "K": -50, "N": 738, "p_kill": 0.0035, "p_futility": 0.0, "p_pass": 0.7745, "crit": [0.8, 0.808, 0.988, 0.881, 0.986, 0.991]}
{"mu": 0.15, "K": -55, "N": 738, "p_kill": 0.0015, "p_futility": 0.0, "p_pass": 0.7745, "crit": [0.8, 0.808, 0.988, 0.881, 0.986, 0.993]}
{"mu": 0.15, "K": -60, "N": 738, "p_kill": 0.001, "p_futility": 0.0, "p_pass": 0.7745, "crit": [0.8, 0.808, 0.988, 0.881, 0.987, 0.993]}
# power, N=738, K=-40, 3000 paths, futility on
{"mu": 0.15, "K": -40.0, "N": 738, "p_kill": 0.005, "p_futility": 0.0093, "p_pass": 0.7727, "crit": [0.794, 0.801, 0.977, 0.876, 0.975, 0.979]}
{"mu": 0.1, "K": -40.0, "N": 738, "p_kill": 0.0327, "p_futility": 0.024, "p_pass": 0.471, "crit": [0.498, 0.501, 0.888, 0.67, 0.878, 0.918]}
{"mu": 0.0, "K": -40.0, "N": 738, "p_kill": 0.2907, "p_futility": 0.078, "p_pass": 0.0447, "crit": [0.051, 0.051, 0.375, 0.144, 0.356, 0.507]}
{"mu": -0.1, "K": -40.0, "N": 738, "p_kill": 0.7323, "p_futility": 0.158, "p_pass": 0.0, "crit": [0.0, 0.0, 0.026, 0.005, 0.024, 0.07]}
# power, N=738, K=-45 (sensitivity)
{"mu": 0.15, "K": -45.0, "N": 738, "p_kill": 0.002, "p_futility": 0.0107, "p_pass": 0.773, "crit": [0.794, 0.801, 0.978, 0.876, 0.976, 0.98]}
{"mu": 0.1, "K": -45.0, "N": 738, "p_kill": 0.0197, "p_futility": 0.0297, "p_pass": 0.4713, "crit": [0.499, 0.502, 0.891, 0.672, 0.881, 0.924]}
{"mu": 0.0, "K": -45.0, "N": 738, "p_kill": 0.232, "p_futility": 0.0983, "p_pass": 0.0447, "crit": [0.051, 0.051, 0.379, 0.144, 0.359, 0.525]}
{"mu": -0.1, "K": -45.0, "N": 738, "p_kill": 0.636, "p_futility": 0.2253, "p_pass": 0.0, "crit": [0.0, 0.0, 0.027, 0.006, 0.025, 0.077]}
# power, N=800, K=-40 (sensitivity)
{"mu": 0.15, "K": -40.0, "N": 800, "p_kill": 0.0083, "p_futility": 0.0083, "p_pass": 0.783, "crit": [0.804, 0.83, 0.979, 0.884, 0.974, 0.979]}
{"mu": 0.1, "K": -40.0, "N": 800, "p_kill": 0.0287, "p_futility": 0.0213, "p_pass": 0.4773, "crit": [0.497, 0.535, 0.905, 0.686, 0.89, 0.923]}
{"mu": 0.0, "K": -40.0, "N": 800, "p_kill": 0.3097, "p_futility": 0.082, "p_pass": 0.033, "crit": [0.039, 0.045, 0.387, 0.132, 0.349, 0.496]}
{"mu": -0.1, "K": -40.0, "N": 800, "p_kill": 0.7717, "p_futility": 0.1373, "p_pass": 0.0, "crit": [0.0, 0.0, 0.021, 0.003, 0.017, 0.053]}
